---
source: tests/integration_test.rs
expression: "run_code(r#\"\nfunc test(arg: string) {}\ntest(123);\n\"#, \"\", |_| {})"
---
stdout: ""
stderr: ""
error:
  PostProcessError:
    message: Arguments are not correct
exit_code: 103
