---
source: tests/integration_test.rs
expression: "run_code(r#\"\n        var variable = \"test\";\n        variable = \"something else!\";\n        \"#,\n    \"\", |_| {})"
---
stdout: ""
stderr: ""
error:
  ExecutionError:
    message: "Can't assign to a variable that is not mutable"
    call_stack: []
exit_code: 104
