---
source: tests/integration_test.rs
expression: "run_code(r#\"\n        var mut array: integer[];\n        array = mut [1,2,3];\n        \"#,\n    \"\", |_| {})"
---
stdout: ""
stderr: ""
error: ~
exit_code: 0
