---
source: tests/integration_test.rs
expression: "run_code(r#\"\nexit 69;\n\"#)"
---
stdout: ""
stderr: ""
error: ~
exit_code: 69
