---
source: tests/integration_test.rs
expression: "run_code(r#\"\n        func function(value: string) {\n            value = \"something else\";\n        }\n\n        function(\"test\");\n        \"#,\n    \"\", |_| {})"
---
stdout: ""
stderr: ""
error:
  ExecutionError:
    message: "Can't assign to a variable that is not mutable"
    call_stack:
      - function
exit_code: 104
