---
source: tests/integration_test.rs
expression: "run_code(r#\"\nvar mut test: void;\n\"#, \"\", |_| {})"
---
stdout: ""
stderr: ""
error:
  ExecutionError:
    message: Variables must not be declared with a type of void
    call_stack: []
exit_code: 104
