---
source: tests/integration_test.rs
expression: "run_code(r#\"\nvar variable = [\"test\", 123];\n\"#)"
---
stdout: ""
stderr: ""
error:
  ExecutionError:
    message: Array must have all values of the same type
    call_stack: []
