---
source: tests/integration_test.rs
expression: "run_code(r#\"\nvar mut variable = \"test\";\nvariable = 42;\n\"#, \"\", |_| {})"
---
stdout: ""
stderr: ""
error:
  PostProcessError:
    message: "Unable to assign a value of type 'integer' to a variable of type 'string'"
exit_code: 103
