---
source: tests/integration_test.rs
expression: "run_code(r#\"\nif true {\n  break;\n};\n\"#, \"\", |_| {})"
---
stdout: ""
stderr: ""
error:
  PostProcessError:
    message: Break statement can only be used from inside a looped block
exit_code: 103
