---
source: tests/integration_test.rs
expression: "run_code(r#\"\n        blarg();\n        \"#, \"\", |_| {})"
---
stdout: ""
stderr: ""
error:
  PostProcessError:
    message: Function not found
exit_code: 103
